0 verbose cli /usr/local/bin/node /usr/local/bin/npm
1 info using npm@11.12.1
2 info using node@v24.15.0
3 silly config load:file:/usr/local/lib/node_modules/npm/npmrc
4 silly config load:file:/Users/abhinavkumarilango/Downloads/Projects/MS/frontend/.npmrc
5 silly config load:file:/Users/abhinavkumarilango/.npmrc
6 silly config load:file:/usr/local/etc/npmrc
7 verbose title npm install @radix-ui/react-slider
8 verbose argv "install" "@radix-ui/react-slider" "--cache" ".npm-cache"
9 verbose logfile logs-max:10 dir:/Users/abhinavkumarilango/Downloads/Projects/MS/frontend/.npm-cache/_logs/2026-08-29T06_53_00_201Z-
10 verbose logfile /Users/abhinavkumarilango/Downloads/Projects/MS/frontend/.npm-cache/_logs/2026-08-29T06_53_00_201Z-debug-0.log
11 silly logfile done cleaning log files
12 silly packumentCache heap:4496293888 maxSize:1124073472 maxEntrySize:562036736
13 http fetch GET https://registry.npmjs.org/npm attempt 1 failed with ENOTFOUND
14 silly idealTree buildDeps
15 silly fetch manifest @radix-ui/react-slider@*
16 silly packumentCache full:https://registry.npmjs.org/@radix-ui%2freact-slider cache-miss
17 http fetch GET https://registry.npmjs.org/@radix-ui%2freact-slider attempt 1 failed with ENOTFOUND
18 http fetch GET https://registry.npmjs.org/npm attempt 2 failed with ENOTFOUND
19 http fetch GET https://registry.npmjs.org/@radix-ui%2freact-slider attempt 2 failed with ENOTFOUND
20 http fetch GET https://registry.npmjs.org/npm attempt 3 failed with ENOTFOUND
21 http fetch GET https://registry.npmjs.org/@radix-ui%2freact-slider attempt 3 failed with ENOTFOUND
22 silly placeDep ROOT @radix-ui/react-slider@ OK for: frontend@1.0.0 want: *
23 verbose type system
24 verbose stack FetchError: request to https://registry.npmjs.org/@radix-ui%2freact-slider failed, reason: getaddrinfo ENOTFOUND registry.npmjs.org
24 verbose stack     at ClientRequest.<anonymous> (/usr/local/lib/node_modules/npm/node_modules/minipass-fetch/lib/index.js:130:14)
24 verbose stack     at ClientRequest.emit (node:events:509:28)
24 verbose stack     at emitErrorEvent (node:_http_client:109:11)
24 verbose stack     at _destroy (node:_http_client:993:9)
24 verbose stack     at onSocketNT (node:_http_client:1013:5)
24 verbose stack     at process.processTicksAndRejections (node:internal/process/task_queues:91:21)
25 error code ENOTFOUND
26 error syscall getaddrinfo
27 error errno ENOTFOUND
28 error network request to https://registry.npmjs.org/@radix-ui%2freact-slider failed, reason: getaddrinfo ENOTFOUND registry.npmjs.org
29 error network This is a problem related to network connectivity.
29 error network In most cases you are behind a proxy or have bad network settings.
29 error network
29 error network If you are behind a proxy, please make sure that the 'proxy' config is set properly.  See: 'npm help config'
30 silly unfinished npm timer reify 1787986380542
31 silly unfinished npm timer reify:loadTrees 1787986380544
32 verbose cwd /Users/abhinavkumarilango/Downloads/Projects/MS/frontend
33 verbose os Darwin 25.5.0
34 verbose node v24.15.0
35 verbose npm  v11.12.1
36 verbose exit 1
37 verbose code 1
38 error A complete log of this run can be found in: /Users/abhinavkumarilango/Downloads/Projects/MS/frontend/.npm-cache/_logs/2026-08-29T06_53_00_201Z-debug-0.log
